


SWITCH_AUTOMATIZADO#
SWITCH_AUTOMATIZADO#terminal width 511
SWITCH_AUTOMATIZADO#terminal length 0
SWITCH_AUTOMATIZADO#
SWITCH_AUTOMATIZADO#
SWITCH_AUTOMATIZADO#configure terminal
Enter configuration commands, one per line.  End with CNTL/Z.
SWITCH_AUTOMATIZADO(config)#
SWITCH_AUTOMATIZADO(config)#interface GigabitEthernet1.10
SWITCH_AUTOMATIZADO(config-subif)#encapsulation dot1Q 10
SWITCH_AUTOMATIZADO(config-subif)#ip address 192.168.10.1 255.255.255.0
SWITCH_AUTOMATIZADO(config-subif)#description VLAN_DADOS
SWITCH_AUTOMATIZADO(config-subif)#no shutdown
SWITCH_AUTOMATIZADO(config-subif)#interface GigabitEthernet1.20
SWITCH_AUTOMATIZADO(config-subif)#encapsulation dot1Q 20
SWITCH_AUTOMATIZADO(config-subif)#ip address 192.168.20.1 255.255.255.0
SWITCH_AUTOMATIZADO(config-subif)#description VLAN_VOZ
SWITCH_AUTOMATIZADO(config-subif)#no shutdown
SWITCH_AUTOMATIZADO(config-subif)#interface GigabitEthernet1.50
SWITCH_AUTOMATIZADO(config-subif)#encapsulation dot1Q 50
SWITCH_AUTOMATIZADO(config-subif)#ip address 192.168.50.1 255.255.255.0
SWITCH_AUTOMATIZADO(config-subif)#description VLAN_SEGURANCA
SWITCH_AUTOMATIZADO(config-subif)#no shutdown
SWITCH_AUTOMATIZADO(config-subif)#
SWITCH_AUTOMATIZADO(config-subif)#end
SWITCH_AUTOMATIZADO#
SWITCH_AUTOMATIZADO#
SWITCH_AUTOMATIZADO#configure terminal
Enter configuration commands, one per line.  End with CNTL/Z.
SWITCH_AUTOMATIZADO(config)#
SWITCH_AUTOMATIZADO(config)#hostname SWITCH_ML
SWITCH_ML(config)#
SWITCH_ML(config)#end
SWITCH_ML#
SWITCH_ML#